---
source: crates/shinier_rb_formatter/tests/snapshot_test.rs
assertion_line: 9
expression: output
input_file: crates/shinier_rb_formatter/tests/ruby/node/numbered_parameters_node.rb
---
-> { _1.+(_2) }
-> { puts(_1) }
-> { _1.*(2) }
-> {
  puts(_1)
  puts(_2)
  puts(_3)
}
-> { if _1
    "yes"
  else
    "no"
  end }
