---
source: crates/shinier_rb_formatter/tests/snapshot_test.rs
assertion_line: 9
expression: output
input_file: crates/shinier_rb_formatter/tests/ruby/node/alias_method_node.rb
---
alias foo bar
alias foo bar
alias
  foofoofoofoofoofoofoofoofoofoofoofoofoofoofoofoo barbarbarbarbarbarbarbarbarbarbarbarbarbarbarbar
