---
source: crates/shinier_rb_formatter/tests/snapshot_test.rs
assertion_line: 509
expression: output
input_file: crates/shinier_rb_formatter/tests/ruby/node/retry_node.rb
---
****FORMATTED****
retry

****AST****
ProgramNode: "retry"
__RetryNode: "retry"
