---
source: crates/shinier_rb_formatter/tests/snapshot_test.rs
assertion_line: 509
expression: output
input_file: crates/shinier_rb_formatter/tests/ruby/node/global_variable_and_write_node.rb
---
****FORMATTED****
$target &&= value

****AST****
ProgramNode: "$target &&= value"
__GlobalVariableAndWriteNode: "$target &&= value"
____CallNode: "value"
