---
source: crates/shinier_rb_formatter/tests/snapshot_test.rs
assertion_line: 9
expression: output
input_file: crates/shinier_rb_formatter/tests/ruby/node/range_node.rb
---
1..2
if a.=~(/left/) ... b.=~(/right/)
  c
end
