---
source: crates/shinier_rb_formatter/tests/snapshot_test.rs
assertion_line: 9
expression: output
input_file: crates/shinier_rb_formatter/tests/ruby/node/arguments_node.rb
---
func(foo, bar, baz)
func(
  foo,
  bar,
  baz,
  foo,
  bar,
  baz,
  foo,
  bar,
  baz,
  foo,
  bar,
  baz,
  foo,
  bar,
  baz
)
