---
source: crates/shinier_rb_formatter/tests/snapshot_test.rs
assertion_line: 509
expression: output
input_file: crates/shinier_rb_formatter/tests/ruby/node/source_file_node.rb
---
****FORMATTED****
__FILE__

****AST****
ProgramNode: "__FILE__"
__SourceFileNode: "__FILE__"
