---
source: crates/shinier_rb_formatter/tests/snapshot_test.rs
assertion_line: 509
expression: output
input_file: crates/shinier_rb_formatter/tests/ruby/node/splat_node.rb
---
****FORMATTED****
[*a]

****AST****
ProgramNode: "[*a]"
__ArrayNode: "[*a]"
____SplatNode: "*a"
______CallNode: "a"
