---
source: crates/shinier_rb_formatter/tests/snapshot_test.rs
assertion_line: 509
expression: output
input_file: crates/shinier_rb_formatter/tests/ruby/node/instance_variable_write_node.rb
---
****FORMATTED****
@foo = 1

****AST****
ProgramNode: "@foo = 1"
__InstanceVariableWriteNode: "@foo = 1"
____IntegerNode: "1"
