---
source: crates/shinier_rb_formatter/tests/snapshot_test.rs
assertion_line: 509
expression: output
input_file: crates/shinier_rb_formatter/tests/ruby/node/x_string_node.rb
---
****FORMATTED****
`foo`

****AST****
ProgramNode: "`foo`"
__XStringNode: "`foo`"
