---
source: crates/shinier_rb_formatter/tests/snapshot_test.rs
assertion_line: 9
expression: output
input_file: crates/shinier_rb_formatter/tests/ruby/node/match_predicate_node.rb
---
foo in bar
