---
source: crates/shinier_rb_formatter/tests/snapshot_test.rs
assertion_line: 9
expression: output
input_file: crates/shinier_rb_formatter/tests/ruby/node/and_node.rb
---
foo and bar
foo and bar and baz and foo and bar and baz and foo and bar and baz and foo and bar and baz and foo and bar and baz
