---
source: crates/shinier_rb_formatter/tests/snapshot_test.rs
assertion_line: 509
expression: output
input_file: crates/shinier_rb_formatter/tests/ruby/node/string_node.rb
---
****FORMATTED****
"foo"
["foo"]
"foo #{bar} baz"

****AST****
ProgramNode: "\"foo\"\n%w[foo]\n\"foo #{bar} baz\""
__StringNode: "\"foo\""
__ArrayNode: "%w[foo]"
____StringNode: "foo"
__InterpolatedStringNode: "\"foo #{bar} baz\""
____StringNode: "foo "
____EmbeddedStatementsNode: "#{bar}"
______CallNode: "bar"
____StringNode: " baz"
