---
source: crates/shinier_rb_formatter/tests/snapshot_test.rs
assertion_line: 206
expression: output
input_file: crates/shinier_rb_formatter/tests/ruby/node_variants/alias_method_node.rb
---
****FORMATTED****
alias_method :foo, :bar

# unnecessary line break
alias_method :foo, :bar

# long expression
alias_method
  :foofoofoofoofoofoofoofoofoofoofoofoofoofoofoofoofoofoofoofoo, :barbarbarbarbarbarbarbarbarbarbarbarbarbarbarbarbarbarbarbar

alias_method :foo, :bar
alias_method :foo, :bar
alias_method :foo, :bar
alias_method :foo, :bar # trailing comment


****AST****
ProgramNode: "alias foo bar\n\n# unnecessary line break\nalias\n  foo bar\n\n# long expression\nalias foofoofoofoofoofoofoofoofoofoofoofoofoofoofoofoofoofoofoofoo barbarbarbarbarbarbarbarbarbarbarbarbarbarbarbarbarbarbarbar\n\nalias\n  # owning comment\n  foo bar\nalias\n  # owning comment 1\n  # owning comment 2\n  foo bar\nalias\n=begin\n  block comment 1\n  block comment 2\n=end\n  foo bar\nalias foo bar"
__AliasMethodNode: "alias foo bar"
____SymbolNode: "foo"
____SymbolNode: "bar"
__AliasMethodNode: "alias\n  foo bar"
____SymbolNode: "foo"
____SymbolNode: "bar"
__AliasMethodNode: "alias foofoofoofoofoofoofoofoofoofoofoofoofoofoofoofoofoofoofoofoo barbarbarbarbarbarbarbarbarbarbarbarbarbarbarbarbarbarbarbar"
____SymbolNode: "foofoofoofoofoofoofoofoofoofoofoofoofoofoofoofoofoofoofoofoo"
____SymbolNode: "barbarbarbarbarbarbarbarbarbarbarbarbarbarbarbarbarbarbarbar"
__AliasMethodNode: "alias\n  # owning comment\n  foo bar"
____SymbolNode: "foo"
____SymbolNode: "bar"
__AliasMethodNode: "alias\n  # owning comment 1\n  # owning comment 2\n  foo bar"
____SymbolNode: "foo"
____SymbolNode: "bar"
__AliasMethodNode: "alias\n=begin\n  block comment 1\n  block comment 2\n=end\n  foo bar"
____SymbolNode: "foo"
____SymbolNode: "bar"
__AliasMethodNode: "alias foo bar"
____SymbolNode: "foo"
____SymbolNode: "bar"
