---
source: crates/shinier_rb_formatter/tests/snapshot_test.rs
assertion_line: 509
expression: output
input_file: crates/shinier_rb_formatter/tests/ruby/node/instance_variable_or_write_node.rb
---
****FORMATTED****
@target ||= value

****AST****
ProgramNode: "@target ||= value"
__InstanceVariableOrWriteNode: "@target ||= value"
____CallNode: "value"
