---
source: crates/shinier_rb_formatter/tests/snapshot_test.rs
assertion_line: 9
expression: output
input_file: crates/shinier_rb_formatter/tests/ruby/node/case_match_node.rb
---
case true
in false
end
case true
in false
  puts(false)
end
case true
in false
  puts(false)
else
  puts(true)
end
case [true, false]
in [true, true]
  puts("t-t")
in [true, false]
  puts("t-f")
in [false, true]
  puts("f-t")
in [false, false]
  puts("f-f")
end
