---
source: crates/shinier_rb_formatter/tests/snapshot_test.rs
assertion_line: 9
expression: output
input_file: crates/shinier_rb_formatter/tests/ruby/node/symbol_node.rb
---
:foo
%i[:foo]
:symbol
:my_symbol
:valid?
:save!
:name=
:+
:-
:*
:/
:%
:**
:==
:!=
:<
:>
:<=
:>=
:<=>
:===
:=~
:!~
:[]
:[]=
:<<
:>>
:&
:|
:^
:~
:!
:single quoted symbol
:double quoted symbol
:symbol with spaces
:symbol-with-dashes
:symbol.with.dots
:symbol@with@at
:symbol
with
newlines
:symbol	with	tabs
not implemented: "ruby_prism::bindings::InterpolatedSymbolNode"
not implemented: "ruby_prism::bindings::InterpolatedSymbolNode"
:
:æ—¥æœ¬èªž
:Ã©moji
:ðŸš€
def foo
  :method_name
end
{ key: :value }
{ key: :value }
[:first, :second, :third]
case value
when :option1
  :result1
when :option2
  :result2
end
