---
source: crates/shinier_rb_formatter/tests/snapshot_test.rs
assertion_line: 509
expression: output
input_file: crates/shinier_rb_formatter/tests/ruby/node/float_node.rb
---
****FORMATTED****
1.0

****AST****
ProgramNode: "1.0"
__FloatNode: "1.0"
