---
source: crates/shinier_rb_formatter/tests/snapshot_test.rs
assertion_line: 509
expression: output
input_file: crates/shinier_rb_formatter/tests/ruby/node/in_node.rb
---
****FORMATTED****
case a
in b
  c
end

****AST****
ProgramNode: "case a; in b then c end"
__CaseMatchNode: "case a; in b then c end"
____CallNode: "a"
____InNode: "in b then c"
______LocalVariableTargetNode: "b"
______CallNode: "c"
