---
source: crates/shinier_rb_formatter/tests/snapshot_test.rs
assertion_line: 509
expression: output
input_file: crates/shinier_rb_formatter/tests/ruby/node/super_node.rb
---
****FORMATTED****
super()
super(foo, bar)
super
super(foo) { |arg| puts(arg) }
class Foo
  def foo(arg = nil)
    p(arg)
  end
end
class Bar < Foo 
  def foo(arg)
    super(5)
    super(arg)
    super
    arg = 1
    super
    super()
  end
end
Bar.new.foo(5)

****AST****
ProgramNode: "super()\nsuper foo, bar\n\n\nsuper\nsuper foo do |arg|\n  puts arg\nend\n\n\nclass Foo\n  def foo(arg=nil)\n    p arg\n  end\nend\n\nclass Bar < Foo\n  def foo(arg)\n    super(5)       # 5 \xe3\x82\x92\xe5\xbc\x95\xe6\x95\xb0\xe3\x81\xab\xe3\x81\x97\xe3\x81\xa6\xe5\x91\xbc\xe3\x81\xb3\xe5\x87\xba\xe3\x81\x99\n    super(arg)     # 5 \xe3\x82\x92\xe5\xbc\x95\xe6\x95\xb0\xe3\x81\xab\xe3\x81\x97\xe3\x81\xa6\xe5\x91\xbc\xe3\x81\xb3\xe5\x87\xba\xe3\x81\x99\n    super          # 5 \xe3\x82\x92\xe5\xbc\x95\xe6\x95\xb0\xe3\x81\xab\xe3\x81\x97\xe3\x81\xa6\xe5\x91\xbc\xe3\x81\xb3\xe5\x87\xba\xe3\x81\x99 super(arg) \xe3\x81\xae\xe7\x95\xa5\xe8\xa8\x98\xe6\xb3\x95\n    arg = 1\n    super          # 1 \xe3\x82\x92\xe5\xbc\x95\xe6\x95\xb0\xe3\x81\xab\xe3\x81\x97\xe3\x81\xa6\xe5\x91\xbc\xe3\x81\xb3\xe5\x87\xba\xe3\x81\x99 super(arg) \xe3\x81\xae\xe7\x95\xa5\xe8\xa8\x98\xe6\xb3\x95\n    super()        # \xe5\xbc\x95\xe6\x95\xb0\xe3\x81\xaa\xe3\x81\x97\xe3\x81\xa7\xe5\x91\xbc\xe3\x81\xb3\xe5\x87\xba\xe3\x81\x99\n  end\nend\nBar.new.foo 5"
__SuperNode: "super()"
__SuperNode: "super foo, bar"
____CallNode: "foo"
____CallNode: "bar"
__ForwardingSuperNode: "super"
__SuperNode: "super foo do |arg|\n  puts arg\nend"
____CallNode: "foo"
____BlockNode: "do |arg|\n  puts arg\nend"
______BlockParametersNode: "|arg|"
________RequiredParameterNode: "arg"
______StatementsNode: "puts arg"
________CallNode: "puts arg"
__________LocalVariableReadNode: "arg"
__ClassNode: "class Foo\n  def foo(arg=nil)\n    p arg\n  end\nend"
____ConstantReadNode: "Foo"
____StatementsNode: "def foo(arg=nil)\n    p arg\n  end"
______DefNode: "def foo(arg=nil)\n    p arg\n  end"
________OptionalParameterNode: "arg=nil"
__________NilNode: "nil"
________StatementsNode: "p arg"
__________CallNode: "p arg"
____________LocalVariableReadNode: "arg"
__ClassNode: "class Bar < Foo\n  def foo(arg)\n    super(5)       # 5 \xe3\x82\x92\xe5\xbc\x95\xe6\x95\xb0\xe3\x81\xab\xe3\x81\x97\xe3\x81\xa6\xe5\x91\xbc\xe3\x81\xb3\xe5\x87\xba\xe3\x81\x99\n    super(arg)     # 5 \xe3\x82\x92\xe5\xbc\x95\xe6\x95\xb0\xe3\x81\xab\xe3\x81\x97\xe3\x81\xa6\xe5\x91\xbc\xe3\x81\xb3\xe5\x87\xba\xe3\x81\x99\n    super          # 5 \xe3\x82\x92\xe5\xbc\x95\xe6\x95\xb0\xe3\x81\xab\xe3\x81\x97\xe3\x81\xa6\xe5\x91\xbc\xe3\x81\xb3\xe5\x87\xba\xe3\x81\x99 super(arg) \xe3\x81\xae\xe7\x95\xa5\xe8\xa8\x98\xe6\xb3\x95\n    arg = 1\n    super          # 1 \xe3\x82\x92\xe5\xbc\x95\xe6\x95\xb0\xe3\x81\xab\xe3\x81\x97\xe3\x81\xa6\xe5\x91\xbc\xe3\x81\xb3\xe5\x87\xba\xe3\x81\x99 super(arg) \xe3\x81\xae\xe7\x95\xa5\xe8\xa8\x98\xe6\xb3\x95\n    super()        # \xe5\xbc\x95\xe6\x95\xb0\xe3\x81\xaa\xe3\x81\x97\xe3\x81\xa7\xe5\x91\xbc\xe3\x81\xb3\xe5\x87\xba\xe3\x81\x99\n  end\nend"
____ConstantReadNode: "Bar"
____ConstantReadNode: "Foo"
____StatementsNode: "def foo(arg)\n    super(5)       # 5 \xe3\x82\x92\xe5\xbc\x95\xe6\x95\xb0\xe3\x81\xab\xe3\x81\x97\xe3\x81\xa6\xe5\x91\xbc\xe3\x81\xb3\xe5\x87\xba\xe3\x81\x99\n    super(arg)     # 5 \xe3\x82\x92\xe5\xbc\x95\xe6\x95\xb0\xe3\x81\xab\xe3\x81\x97\xe3\x81\xa6\xe5\x91\xbc\xe3\x81\xb3\xe5\x87\xba\xe3\x81\x99\n    super          # 5 \xe3\x82\x92\xe5\xbc\x95\xe6\x95\xb0\xe3\x81\xab\xe3\x81\x97\xe3\x81\xa6\xe5\x91\xbc\xe3\x81\xb3\xe5\x87\xba\xe3\x81\x99 super(arg) \xe3\x81\xae\xe7\x95\xa5\xe8\xa8\x98\xe6\xb3\x95\n    arg = 1\n    super          # 1 \xe3\x82\x92\xe5\xbc\x95\xe6\x95\xb0\xe3\x81\xab\xe3\x81\x97\xe3\x81\xa6\xe5\x91\xbc\xe3\x81\xb3\xe5\x87\xba\xe3\x81\x99 super(arg) \xe3\x81\xae\xe7\x95\xa5\xe8\xa8\x98\xe6\xb3\x95\n    super()        # \xe5\xbc\x95\xe6\x95\xb0\xe3\x81\xaa\xe3\x81\x97\xe3\x81\xa7\xe5\x91\xbc\xe3\x81\xb3\xe5\x87\xba\xe3\x81\x99\n  end"
______DefNode: "def foo(arg)\n    super(5)       # 5 \xe3\x82\x92\xe5\xbc\x95\xe6\x95\xb0\xe3\x81\xab\xe3\x81\x97\xe3\x81\xa6\xe5\x91\xbc\xe3\x81\xb3\xe5\x87\xba\xe3\x81\x99\n    super(arg)     # 5 \xe3\x82\x92\xe5\xbc\x95\xe6\x95\xb0\xe3\x81\xab\xe3\x81\x97\xe3\x81\xa6\xe5\x91\xbc\xe3\x81\xb3\xe5\x87\xba\xe3\x81\x99\n    super          # 5 \xe3\x82\x92\xe5\xbc\x95\xe6\x95\xb0\xe3\x81\xab\xe3\x81\x97\xe3\x81\xa6\xe5\x91\xbc\xe3\x81\xb3\xe5\x87\xba\xe3\x81\x99 super(arg) \xe3\x81\xae\xe7\x95\xa5\xe8\xa8\x98\xe6\xb3\x95\n    arg = 1\n    super          # 1 \xe3\x82\x92\xe5\xbc\x95\xe6\x95\xb0\xe3\x81\xab\xe3\x81\x97\xe3\x81\xa6\xe5\x91\xbc\xe3\x81\xb3\xe5\x87\xba\xe3\x81\x99 super(arg) \xe3\x81\xae\xe7\x95\xa5\xe8\xa8\x98\xe6\xb3\x95\n    super()        # \xe5\xbc\x95\xe6\x95\xb0\xe3\x81\xaa\xe3\x81\x97\xe3\x81\xa7\xe5\x91\xbc\xe3\x81\xb3\xe5\x87\xba\xe3\x81\x99\n  end"
________RequiredParameterNode: "arg"
________StatementsNode: "super(5)       # 5 \xe3\x82\x92\xe5\xbc\x95\xe6\x95\xb0\xe3\x81\xab\xe3\x81\x97\xe3\x81\xa6\xe5\x91\xbc\xe3\x81\xb3\xe5\x87\xba\xe3\x81\x99\n    super(arg)     # 5 \xe3\x82\x92\xe5\xbc\x95\xe6\x95\xb0\xe3\x81\xab\xe3\x81\x97\xe3\x81\xa6\xe5\x91\xbc\xe3\x81\xb3\xe5\x87\xba\xe3\x81\x99\n    super          # 5 \xe3\x82\x92\xe5\xbc\x95\xe6\x95\xb0\xe3\x81\xab\xe3\x81\x97\xe3\x81\xa6\xe5\x91\xbc\xe3\x81\xb3\xe5\x87\xba\xe3\x81\x99 super(arg) \xe3\x81\xae\xe7\x95\xa5\xe8\xa8\x98\xe6\xb3\x95\n    arg = 1\n    super          # 1 \xe3\x82\x92\xe5\xbc\x95\xe6\x95\xb0\xe3\x81\xab\xe3\x81\x97\xe3\x81\xa6\xe5\x91\xbc\xe3\x81\xb3\xe5\x87\xba\xe3\x81\x99 super(arg) \xe3\x81\xae\xe7\x95\xa5\xe8\xa8\x98\xe6\xb3\x95\n    super()"
__________SuperNode: "super(5)"
____________IntegerNode: "5"
__________SuperNode: "super(arg)"
____________LocalVariableReadNode: "arg"
__________ForwardingSuperNode: "super"
__________LocalVariableWriteNode: "arg = 1"
____________IntegerNode: "1"
__________ForwardingSuperNode: "super"
__________SuperNode: "super()"
__CallNode: "Bar.new.foo 5"
____CallNode: "Bar.new"
______ConstantReadNode: "Bar"
____IntegerNode: "5"
