---
source: crates/shinier_rb_formatter/tests/snapshot_test.rs
assertion_line: 509
expression: output
input_file: crates/shinier_rb_formatter/tests/ruby/node/false_node.rb
---
****FORMATTED****
false

****AST****
ProgramNode: "false"
__FalseNode: "false"
